[
    {
        "name": "The Enchanted Forest",
        "desc": "A lush, green forest with a magical aura. Trees glow faintly, and the air is filled with the sound of mysterious melodies.",
        "exits": {
            "north": 1,
            "east": 2
        },
        "items": [
            "a glowing leaf",
            "a silver key"
        ]
    },
    {
        "name": "The Whispering Cave",
        "desc": "A dimly lit cave where the walls seem to whisper ancient secrets.",
        "exits": {
            "south": 0,
            "deeper": 5
        },
        "hidden_passage": {
            "trigger_item": "ancient tome",
            "leads_to": 4
        }
    },
    {
        "name": "The Crystal Lake",
        "desc": "A serene lake with crystal-clear water, reflecting the world in a surreal manner.",
        "exits": {
            "west": 0,
            "north": 3
        },
        "items": [
            "a mysterious crystal",
            "an old scroll"
        ]
    },
    {
        "name": "The Abandoned Tower",
        "desc": "A towering structure, remnants of an ancient civilization. The top seems to be home to a powerful artifact.",
        "exits": {
            "south": 2
        },
        "secret": {
            "puzzle": "moonlight sonata",
            "unlocks": "stairway to the top"
        }
    },
    {
        "name": "The Secret Library",
        "desc": "A hidden room filled with ancient books and scrolls. A place of lost knowledge.",
        "exits": {
            "secret door": 1
        },
        "items": [
            "an ancient tome",
            "a mysterious amulet"
        ]
    },
    {
        "name": "The Dark Abyss",
        "desc": "A mysterious void beyond the Whispering Cave, home to unknown creatures and dark secrets.",
        "exits": {
            "back": 1
        },
        "challenge": {
            "creature": "Guardian of the Abyss",
            "treasure": "legendary weapon"
        }
    }
]